14:52:13.910 [main] INFO org.springframework.test.context.support.AnnotationConfigContextLoaderUtils -- Could not detect default configuration classes for test class [com.example.tracker.controller.ContratoControllerTest]: ContratoControllerTest does not declare any static, non-private, non-final, nested classes annotated with @Configuration.
14:52:14.492 [main] INFO org.springframework.boot.test.context.SpringBootTestContextBootstrapper -- Found @SpringBootConfiguration com.example.tracker.TrackerApplication for test class com.example.tracker.controller.ContratoControllerTest

  .   ____          _            __ _ _
 /\\ / ___'_ __ _ _(_)_ __  __ _ \ \ \ \
( ( )\___ | '_ | '_| | '_ \/ _` | \ \ \ \
 \\/  ___)| |_)| | | | | || (_| |  ) ) ) )
  '  |____| .__|_| |_|_| |_\__, | / / / /
 =========|_|==============|___/=/_/_/_/

 :: Spring Boot ::                (v3.3.5)

2026-05-30T14:52:15.830-03:00  INFO 24548 --- [tracker] [           main] c.e.t.controller.ContratoControllerTest  : Starting ContratoControllerTest using Java 23.0.1 with PID 24548 (started by thoma in C:\Users\thoma\Projetos_fatec\CaramelStray-Api-4Semestre\backend)
2026-05-30T14:52:15.839-03:00  INFO 24548 --- [tracker] [           main] c.e.t.controller.ContratoControllerTest  : The following 1 profile is active: "test"
2026-05-30T14:52:19.485-03:00  INFO 24548 --- [tracker] [           main] .s.d.r.c.RepositoryConfigurationDelegate : Multiple Spring Data modules found, entering strict repository configuration mode
2026-05-30T14:52:19.490-03:00  INFO 24548 --- [tracker] [           main] .s.d.r.c.RepositoryConfigurationDelegate : Bootstrapping Spring Data JPA repositories in DEFAULT mode.
2026-05-30T14:52:20.042-03:00  INFO 24548 --- [tracker] [           main] .s.d.r.c.RepositoryConfigurationDelegate : Finished Spring Data repository scanning in 540 ms. Found 26 JPA repository interfaces.
2026-05-30T14:52:20.092-03:00  INFO 24548 --- [tracker] [           main] .s.d.r.c.RepositoryConfigurationDelegate : Multiple Spring Data modules found, entering strict repository configuration mode
2026-05-30T14:52:20.092-03:00  INFO 24548 --- [tracker] [           main] .s.d.r.c.RepositoryConfigurationDelegate : Bootstrapping Spring Data Redis repositories in DEFAULT mode.
2026-05-30T14:52:20.127-03:00  INFO 24548 --- [tracker] [           main] .RepositoryConfigurationExtensionSupport : Spring Data Redis - Could not safely identify store assignment for repository candidate interface com.example.tracker.repository.AtivoRepository; If you want this repository to be a Redis repository, consider annotating your entities with one of these annotations: org.springframework.data.redis.core.RedisHash (preferred), or consider extending one of the following types with your repository: org.springframework.data.keyvalue.repository.KeyValueRepository
2026-05-30T14:52:20.129-03:00  INFO 24548 --- [tracker] [           main] .RepositoryConfigurationExtensionSupport : Spring Data Redis - Could not safely identify store assignment for repository candidate interface com.example.tracker.repository.CatalogoAtivoRepository; If you want this repository to be a Redis repository, consider annotating your entities with one of these annotations: org.springframework.data.redis.core.RedisHash (preferred), or consider extending one of the following types with your repository: org.springframework.data.keyvalue.repository.KeyValueRepository
2026-05-30T14:52:20.129-03:00  INFO 24548 --- [tracker] [           main] .RepositoryConfigurationExtensionSupport : Spring Data Redis - Could not safely identify store assignment for repository candidate interface com.example.tracker.repository.CatalogoMaquinaChecklistPadraoRepository; If you want this repository to be a Redis repository, consider annotating your entities with one of these annotations: org.springframework.data.redis.core.RedisHash (preferred), or consider extending one of the following types with your repository: org.springframework.data.keyvalue.repository.KeyValueRepository
2026-05-30T14:52:20.129-03:00  INFO 24548 --- [tracker] [           main] .RepositoryConfigurationExtensionSupport : Spring Data Redis - Could not safely identify store assignment for repository candidate interface com.example.tracker.repository.CatalogoMaquinaRepository; If you want this repository to be a Redis repository, consider annotating your entities with one of these annotations: org.springframework.data.redis.core.RedisHash (preferred), or consider extending one of the following types with your repository: org.springframework.data.keyvalue.repository.KeyValueRepository
2026-05-30T14:52:20.132-03:00  INFO 24548 --- [tracker] [           main] .RepositoryConfigurationExtensionSupport : Spring Data Redis - Could not safely identify store assignment for repository candidate interface com.example.tracker.repository.CatalogoSoftwareRepository; If you want this repository to be a Redis repository, consider annotating your entities with one of these annotations: org.springframework.data.redis.core.RedisHash (preferred), or consider extending one of the following types with your repository: org.springframework.data.keyvalue.repository.KeyValueRepository
2026-05-30T14:52:20.132-03:00  INFO 24548 --- [tracker] [           main] .RepositoryConfigurationExtensionSupport : Spring Data Redis - Could not safely identify store assignment for repository candidate interface com.example.tracker.repository.CatalogoTarefaRepository; If you want this repository to be a Redis repository, consider annotating your entities with one of these annotations: org.springframework.data.redis.core.RedisHash (preferred), or consider extending one of the following types with your repository: org.springframework.data.keyvalue.repository.KeyValueRepository
2026-05-30T14:52:20.132-03:00  INFO 24548 --- [tracker] [           main] .RepositoryConfigurationExtensionSupport : Spring Data Redis - Could not safely identify store assignment for repository candidate interface com.example.tracker.repository.CicloEmbarcacaoRepository; If you want this repository to be a Redis repository, consider annotating your entities with one of these annotations: org.springframework.data.redis.core.RedisHash (preferred), or consider extending one of the following types with your repository: org.springframework.data.keyvalue.repository.KeyValueRepository
2026-05-30T14:52:20.132-03:00  INFO 24548 --- [tracker] [           main] .RepositoryConfigurationExtensionSupport : Spring Data Redis - Could not safely identify store assignment for repository candidate interface com.example.tracker.repository.ClienteRepository; If you want this repository to be a Redis repository, consider annotating your entities with one of these annotations: org.springframework.data.redis.core.RedisHash (preferred), or consider extending one of the following types with your repository: org.springframework.data.keyvalue.repository.KeyValueRepository
2026-05-30T14:52:20.135-03:00  INFO 24548 --- [tracker] [           main] .RepositoryConfigurationExtensionSupport : Spring Data Redis - Could not safely identify store assignment for repository candidate interface com.example.tracker.repository.ContratoRepository; If you want this repository to be a Redis repository, consider annotating your entities with one of these annotations: org.springframework.data.redis.core.RedisHash (preferred), or consider extending one of the following types with your repository: org.springframework.data.keyvalue.repository.KeyValueRepository
2026-05-30T14:52:20.135-03:00  INFO 24548 --- [tracker] [           main] .RepositoryConfigurationExtensionSupport : Spring Data Redis - Could not safely identify store assignment for repository candidate interface com.example.tracker.repository.HabilidadeRepository; If you want this repository to be a Redis repository, consider annotating your entities with one of these annotations: org.springframework.data.redis.core.RedisHash (preferred), or consider extending one of the following types with your repository: org.springframework.data.keyvalue.repository.KeyValueRepository
2026-05-30T14:52:20.136-03:00  INFO 24548 --- [tracker] [           main] .RepositoryConfigurationExtensionSupport : Spring Data Redis - Could not safely identify store assignment for repository candidate interface com.example.tracker.repository.MaquinaChecklistManutencaoRepository; If you want this repository to be a Redis repository, consider annotating your entities with one of these annotations: org.springframework.data.redis.core.RedisHash (preferred), or consider extending one of the following types with your repository: org.springframework.data.keyvalue.repository.KeyValueRepository
2026-05-30T14:52:20.136-03:00  INFO 24548 --- [tracker] [           main] .RepositoryConfigurationExtensionSupport : Spring Data Redis - Could not safely identify store assignment for repository candidate interface com.example.tracker.repository.MaquinaContratoRepository; If you want this repository to be a Redis repository, consider annotating your entities with one of these annotations: org.springframework.data.redis.core.RedisHash (preferred), or consider extending one of the following types with your repository: org.springframework.data.keyvalue.repository.KeyValueRepository
2026-05-30T14:52:20.137-03:00  INFO 24548 --- [tracker] [           main] .RepositoryConfigurationExtensionSupport : Spring Data Redis - Could not safely identify store assignment for repository candidate interface com.example.tracker.repository.MaquinaHistoricoManutencaoRepository; If you want this repository to be a Redis repository, consider annotating your entities with one of these annotations: org.springframework.data.redis.core.RedisHash (preferred), or consider extending one of the following types with your repository: org.springframework.data.keyvalue.repository.KeyValueRepository
2026-05-30T14:52:20.138-03:00  INFO 24548 --- [tracker] [           main] .RepositoryConfigurationExtensionSupport : Spring Data Redis - Could not safely identify store assignment for repository candidate interface com.example.tracker.repository.MaquinaSoftwareInstaladoRepository; If you want this repository to be a Redis repository, consider annotating your entities with one of these annotations: org.springframework.data.redis.core.RedisHash (preferred), or consider extending one of the following types with your repository: org.springframework.data.keyvalue.repository.KeyValueRepository
2026-05-30T14:52:20.138-03:00  INFO 24548 --- [tracker] [           main] .RepositoryConfigurationExtensionSupport : Spring Data Redis - Could not safely identify store assignment for repository candidate interface com.example.tracker.repository.OrdemServicoChecklistAtivoRepository; If you want this repository to be a Redis repository, consider annotating your entities with one of these annotations: org.springframework.data.redis.core.RedisHash (preferred), or consider extending one of the following types with your repository: org.springframework.data.keyvalue.repository.KeyValueRepository
2026-05-30T14:52:20.138-03:00  INFO 24548 --- [tracker] [           main] .RepositoryConfigurationExtensionSupport : Spring Data Redis - Could not safely identify store assignment for repository candidate interface com.example.tracker.repository.OrdemServicoRepository; If you want this repository to be a Redis repository, consider annotating your entities with one of these annotations: org.springframework.data.redis.core.RedisHash (preferred), or consider extending one of the following types with your repository: org.springframework.data.keyvalue.repository.KeyValueRepository
2026-05-30T14:52:20.138-03:00  INFO 24548 --- [tracker] [           main] .RepositoryConfigurationExtensionSupport : Spring Data Redis - Could not safely identify store assignment for repository candidate interface com.example.tracker.repository.OrdemServicoTecnicoRepository; If you want this repository to be a Redis repository, consider annotating your entities with one of these annotations: org.springframework.data.redis.core.RedisHash (preferred), or consider extending one of the following types with your repository: org.springframework.data.keyvalue.repository.KeyValueRepository
2026-05-30T14:52:20.138-03:00  INFO 24548 --- [tracker] [           main] .RepositoryConfigurationExtensionSupport : Spring Data Redis - Could not safely identify store assignment for repository candidate interface com.example.tracker.repository.PerfilRepository; If you want this repository to be a Redis repository, consider annotating your entities with one of these annotations: org.springframework.data.redis.core.RedisHash (preferred), or consider extending one of the following types with your repository: org.springframework.data.keyvalue.repository.KeyValueRepository
2026-05-30T14:52:20.138-03:00  INFO 24548 --- [tracker] [           main] .RepositoryConfigurationExtensionSupport : Spring Data Redis - Could not safely identify store assignment for repository candidate interface com.example.tracker.repository.PermissaoRepository; If you want this repository to be a Redis repository, consider annotating your entities with one of these annotations: org.springframework.data.redis.core.RedisHash (preferred), or consider extending one of the following types with your repository: org.springframework.data.keyvalue.repository.KeyValueRepository
2026-05-30T14:52:20.138-03:00  INFO 24548 --- [tracker] [           main] .RepositoryConfigurationExtensionSupport : Spring Data Redis - Could not safely identify store assignment for repository candidate interface com.example.tracker.repository.TecnicoHabilidadeRepository; If you want this repository to be a Redis repository, consider annotating your entities with one of these annotations: org.springframework.data.redis.core.RedisHash (preferred), or consider extending one of the following types with your repository: org.springframework.data.keyvalue.repository.KeyValueRepository
2026-05-30T14:52:20.138-03:00  INFO 24548 --- [tracker] [           main] .RepositoryConfigurationExtensionSupport : Spring Data Redis - Could not safely identify store assignment for repository candidate interface com.example.tracker.repository.TecnicoRepository; If you want this repository to be a Redis repository, consider annotating your entities with one of these annotations: org.springframework.data.redis.core.RedisHash (preferred), or consider extending one of the following types with your repository: org.springframework.data.keyvalue.repository.KeyValueRepository
2026-05-30T14:52:20.138-03:00  INFO 24548 --- [tracker] [           main] .RepositoryConfigurationExtensionSupport : Spring Data Redis - Could not safely identify store assignment for repository candidate interface com.example.tracker.repository.TipoManutencaoRepository; If you want this repository to be a Redis repository, consider annotating your entities with one of these annotations: org.springframework.data.redis.core.RedisHash (preferred), or consider extending one of the following types with your repository: org.springframework.data.keyvalue.repository.KeyValueRepository
2026-05-30T14:52:20.138-03:00  INFO 24548 --- [tracker] [           main] .RepositoryConfigurationExtensionSupport : Spring Data Redis - Could not safely identify store assignment for repository candidate interface com.example.tracker.repository.TipoViagemRepository; If you want this repository to be a Redis repository, consider annotating your entities with one of these annotations: org.springframework.data.redis.core.RedisHash (preferred), or consider extending one of the following types with your repository: org.springframework.data.keyvalue.repository.KeyValueRepository
2026-05-30T14:52:20.138-03:00  INFO 24548 --- [tracker] [           main] .RepositoryConfigurationExtensionSupport : Spring Data Redis - Could not safely identify store assignment for repository candidate interface com.example.tracker.repository.UsuarioRepository; If you want this repository to be a Redis repository, consider annotating your entities with one of these annotations: org.springframework.data.redis.core.RedisHash (preferred), or consider extending one of the following types with your repository: org.springframework.data.keyvalue.repository.KeyValueRepository
2026-05-30T14:52:20.138-03:00  INFO 24548 --- [tracker] [           main] .RepositoryConfigurationExtensionSupport : Spring Data Redis - Could not safely identify store assignment for repository candidate interface com.example.tracker.repository.ViagemParadaRepository; If you want this repository to be a Redis repository, consider annotating your entities with one of these annotations: org.springframework.data.redis.core.RedisHash (preferred), or consider extending one of the following types with your repository: org.springframework.data.keyvalue.repository.KeyValueRepository
2026-05-30T14:52:20.138-03:00  INFO 24548 --- [tracker] [           main] .RepositoryConfigurationExtensionSupport : Spring Data Redis - Could not safely identify store assignment for repository candidate interface com.example.tracker.repository.ViagemRepository; If you want this repository to be a Redis repository, consider annotating your entities with one of these annotations: org.springframework.data.redis.core.RedisHash (preferred), or consider extending one of the following types with your repository: org.springframework.data.keyvalue.repository.KeyValueRepository
2026-05-30T14:52:20.138-03:00  INFO 24548 --- [tracker] [           main] .s.d.r.c.RepositoryConfigurationDelegate : Finished Spring Data repository scanning in 27 ms. Found 0 Redis repository interfaces.
.\mvnw.cmd : WARNING: A Java agent has been loaded dynamically (C:\Users\thoma\
.m2\repository\net\bytebuddy\byte-buddy-agent\1.14.19\byte-buddy-agent-1.14.19.
jar)
No linha:1 caractere:1
+ .\mvnw.cmd -q test > test-output.txt 2>&1; if ($LASTEXITCODE -eq 0) { ...
+ ~~~~~~~~~~~~~~~~~~~~~~~~~~~~~~~~~~~~~~~~~
    + CategoryInfo          : NotSpecified: (WARNING: A Java...nt-1.14.19.jar) 
   :String) [], RemoteException
    + FullyQualifiedErrorId : NativeCommandError
 
WARNING: If a serviceability tool is in use, please run with 
-XX:+EnableDynamicAgentLoading to hide this warning
WARNING: If a serviceability tool is not in use, please run with 
-Djdk.instrument.traceUsage for more information
WARNING: Dynamic loading of agents will be disallowed by default in a future 
release
Java HotSpot(TM) 64-Bit Server VM warning: Sharing is only supported for boot 
loader classes because bootstrap classpath has been appended
2026-05-30T14:52:23.536-03:00  INFO 24548 --- [tracker] [           main] o.hibernate.jpa.internal.util.LogHelper  : HHH000204: Processing PersistenceUnitInfo [name: default]
2026-05-30T14:52:23.750-03:00  INFO 24548 --- [tracker] [           main] org.hibernate.Version                    : HHH000412: Hibernate ORM core version 6.5.3.Final
2026-05-30T14:52:23.784-03:00  INFO 24548 --- [tracker] [           main] o.h.spatial.integration.SpatialService   : HHH80000001: hibernate-spatial integration enabled : true
2026-05-30T14:52:23.868-03:00  INFO 24548 --- [tracker] [           main] o.h.c.internal.RegionFactoryInitiator    : HHH000026: Second-level cache disabled
2026-05-30T14:52:24.184-03:00  INFO 24548 --- [tracker] [           main] com.zaxxer.hikari.HikariDataSource       : HikariPool-1 - Starting...
2026-05-30T14:52:24.646-03:00  INFO 24548 --- [tracker] [           main] com.zaxxer.hikari.pool.HikariPool        : HikariPool-1 - Added connection conn0: url=jdbc:h2:mem:tracker_test user=SA
2026-05-30T14:52:24.650-03:00  INFO 24548 --- [tracker] [           main] com.zaxxer.hikari.HikariDataSource       : HikariPool-1 - Start completed.
2026-05-30T14:52:24.709-03:00  WARN 24548 --- [tracker] [           main] org.hibernate.dialect.Dialect            : HHH000511: The 2.2.224 version for [org.hibernate.dialect.PostgreSQLDialect] is no longer supported, hence certain features may not work properly. The minimum supported version is 12.0.0. Check the community dialects project for available legacy versions.
2026-05-30T14:52:24.727-03:00  WARN 24548 --- [tracker] [           main] org.hibernate.orm.deprecation            : HHH90000025: PostgreSQLDialect does not need to be specified explicitly using 'hibernate.dialect' (remove the property setting and it will be selected by default)
2026-05-30T14:52:24.812-03:00  INFO 24548 --- [tracker] [           main] org.hibernate.spatial                    : HHH80000003: hibernate-spatial adding type contributions from : org.hibernate.spatial.dialect.postgis.PostgisDialectContributor
2026-05-30T14:52:25.026-03:00  INFO 24548 --- [tracker] [           main] o.s.o.j.p.SpringPersistenceUnitInfo      : No LoadTimeWeaver setup: ignoring JPA class transformer
2026-05-30T14:52:25.080-03:00  INFO 24548 --- [tracker] [           main] org.hibernate.spatial                    : HHH80000003: hibernate-spatial adding type contributions from : org.hibernate.spatial.dialect.postgis.PostgisDialectContributor
2026-05-30T14:52:25.973-03:00  INFO 24548 --- [tracker] [           main] org.hibernate.spatial                    : HHH80000004: hibernate-spatial adding function contributions from : org.hibernate.spatial.dialect.postgis.PostgisDialectContributor
2026-05-30T14:52:27.209-03:00  INFO 24548 --- [tracker] [           main] o.h.e.t.j.p.i.JtaPlatformInitiator       : HHH000489: No JTA platform available (set 'hibernate.transaction.jta.platform' to enable JTA platform integration)
Hibernate: 
    alter table if exists tb_cad_ativo 
       drop constraint if exists FKlhrvuga1lnmhwdshe83njcn6e
Hibernate: 
    alter table if exists tb_cad_ativo 
       drop constraint if exists FKa5rn50tvw64iloxw2r2x626ur
Hibernate: 
    alter table if exists tb_cad_ativo 
       drop constraint if exists FK1tscofginjh3hwy5n4t8089i0
Hibernate: 
    alter table if exists tb_cad_catalogo_maquina_checklist_padrao 
       drop constraint if exists FKlm4iqlsw94g91x7j97kdwyt7o
Hibernate: 
    alter table if exists tb_cad_catalogo_maquina_checklist_padrao 
       drop constraint if exists FKhmff68pna8dla8gfphku1ucue
Hibernate: 
    alter table if exists tb_cad_catalogo_software_checklist_padrao 
       drop constraint if exists FKbw8wrisihpds5tx9c5mojpwq2
Hibernate: 
    alter table if exists tb_cad_catalogo_software_checklist_padrao 
       drop constraint if exists FKqklm9d23s3pjnme998f6vstqk
Hibernate: 
    alter table if exists tb_cad_contrato 
       drop constraint if exists FKae5owbt5pwenehmcaguk82sm0
Hibernate: 
    alter table if exists tb_cad_funcionario 
       drop constraint if exists FK3xqdxufe7mdblx7tw0gytulci
Hibernate: 
    alter table if exists tb_cad_funcionario_habilidade 
       drop constraint if exists FKh2an4b5in8dquympw4u0twbe2
Hibernate: 
    alter table if exists tb_cad_funcionario_habilidade 
       drop constraint if exists FKr56ac0b5l17bkk2gat9cy5ic1
Hibernate: 
    alter table if exists tb_cad_perfil_permissao 
       drop constraint if exists FK2v3va8jvvug1ecnnbmevunhfb
Hibernate: 
    alter table if exists tb_cad_perfil_permissao 
       drop constraint if exists FK59atfnnpr50ni8hkxf7f3yehb
Hibernate: 
    alter table if exists tb_cad_usuario_perfil 
       drop constraint if exists FKo09abi9k0timaqbhji39qgvk3
Hibernate: 
    alter table if exists tb_cad_usuario_perfil 
       drop constraint if exists FKm29995w4higl4ykcuwwpatum9
Hibernate: 
    alter table if exists tb_srv_maquina_checklist_manutencao 
       drop constraint if exists FKhxu6yem4coa5hu4wyrj7wbj43
Hibernate: 
    alter table if exists tb_srv_maquina_checklist_manutencao 
       drop constraint if exists FK76nw7d03hcbwu6mqmt3p3vhnp
Hibernate: 
    alter table if exists tb_srv_maquina_contrato 
       drop constraint if exists FKrc5s2vskrd4vu8pmo6b673llo
Hibernate: 
    alter table if exists tb_srv_maquina_contrato 
       drop constraint if exists FKao6kla6nrr89hyoh6h9142a6o
Hibernate: 
    alter table if exists tb_srv_maquina_historico_manutencao 
       drop constraint if exists FKp2mpnh060b57hl6tdg21qnnml
Hibernate: 
    alter table if exists tb_srv_maquina_historico_manutencao 
       drop constraint if exists FKsx4uidjge7am38skmqlva2ahr
Hibernate: 
    alter table if exists tb_srv_maquina_historico_manutencao 
       drop constraint if exists FKq9najgsyvyvpyyav4tuohihsw
Hibernate: 
    alter table if exists tb_srv_maquina_historico_manutencao 
       drop constraint if exists FKo8yu2x75a0370lbxliyboaeul
Hibernate: 
    alter table if exists tb_srv_maquina_software_instalado 
       drop constraint if exists FKbqbqmjqmetce4cf679osronqd
Hibernate: 
    alter table if exists tb_srv_maquina_software_instalado 
       drop constraint if exists FKnoabyee58fbiv2253he7jj9wy
Hibernate: 
    alter table if exists tb_srv_ordem_servico 
       drop constraint if exists FKlh65c24hb51otxx2alvl7dagi
Hibernate: 
    alter table if exists tb_srv_ordem_servico 
       drop constraint if exists FKsls6aqs0bc7un9yr64rydgqab
Hibernate: 
    alter table if exists tb_srv_ordem_servico 
       drop constraint if exists FK9i7u9g6p6r4d0vla81xy4y1xr
Hibernate: 
    alter table if exists tb_srv_ordem_servico 
       drop constraint if exists FKgdy0uw0r7xujf8tn4nbyl64k1
Hibernate: 
    alter table if exists tb_srv_ordem_servico 
       drop constraint if exists FKtlc6t9n0iyida5lg4q3fw2e5j
Hibernate: 
    alter table if exists tb_srv_ordem_servico_checklist_ativo 
       drop constraint if exists FKj5v7o7wtjlw3f7y9tqbwi71yl
Hibernate: 
    alter table if exists tb_srv_ordem_servico_checklist_ativo 
       drop constraint if exists FKpayqg9b8i40ngoojdaaks35f9
Hibernate: 
    alter table if exists tb_srv_ordem_servico_checklist_ativo 
       drop constraint if exists FK8x5h1yu7j8u3gydjunt4jqug2
Hibernate: 
    alter table if exists tb_srv_ordem_servico_funcionario 
       drop constraint if exists FKacqqbi4h2hr6hm1xmrwx09knf
Hibernate: 
    alter table if exists tb_srv_ordem_servico_funcionario 
       drop constraint if exists FK6ou6sdfgbhf6l15cfw9t19k3h
Hibernate: 
    alter table if exists tb_srv_viagem 
       drop constraint if exists FKao8i5pmxtbwk7cbomk2icif3i
Hibernate: 
    alter table if exists tb_srv_viagem 
       drop constraint if exists FKah6an9iabph617f4sqwuq40yh
Hibernate: 
    alter table if exists tb_srv_viagem 
       drop constraint if exists FKc5vq3743s5ljw518t5kkwfx4c
Hibernate: 
    alter table if exists tb_srv_viagem 
       drop constraint if exists FKb0eotvumgockhr9w1nu1hjmij
Hibernate: 
    alter table if exists tb_srv_viagem_parada 
       drop constraint if exists FK6tjueaps3igqflu34ab9vv8v4
Hibernate: 
    drop table if exists tb_cad_ativo cascade
Hibernate: 
    drop table if exists tb_cad_catalogo_ativo cascade
Hibernate: 
    drop table if exists tb_cad_catalogo_maquina cascade
Hibernate: 
    drop table if exists tb_cad_catalogo_maquina_checklist_padrao cascade
Hibernate: 
    drop table if exists tb_cad_catalogo_software cascade
Hibernate: 
    drop table if exists tb_cad_catalogo_software_checklist_padrao cascade
Hibernate: 
    drop table if exists tb_cad_catalogo_tarefa cascade
Hibernate: 
    drop table if exists tb_cad_cliente cascade
Hibernate: 
    drop table if exists tb_cad_contrato cascade
Hibernate: 
    drop table if exists tb_cad_funcionario cascade
Hibernate: 
    drop table if exists tb_cad_funcionario_habilidade cascade
Hibernate: 
    drop table if exists tb_cad_habilidade cascade
Hibernate: 
    drop table if exists tb_cad_perfil cascade
Hibernate: 
    drop table if exists tb_cad_perfil_permissao cascade
Hibernate: 
    drop table if exists tb_cad_permissao cascade
Hibernate: 
    drop table if exists tb_cad_tipo_manutencao cascade
Hibernate: 
    drop table if exists tb_cad_tipo_viagem cascade
Hibernate: 
    drop table if exists tb_cad_usuario cascade
Hibernate: 
    drop table if exists tb_cad_usuario_perfil cascade
Hibernate: 
    drop table if exists tb_srv_ciclo_embarcacao cascade
Hibernate: 
    drop table if exists tb_srv_maquina_checklist_manutencao cascade
Hibernate: 
    drop table if exists tb_srv_maquina_contrato cascade
Hibernate: 
    drop table if exists tb_srv_maquina_historico_manutencao cascade
Hibernate: 
    drop table if exists tb_srv_maquina_software_instalado cascade
Hibernate: 
    drop table if exists tb_srv_ordem_servico cascade
Hibernate: 
    drop table if exists tb_srv_ordem_servico_checklist_ativo cascade
Hibernate: 
    drop table if exists tb_srv_ordem_servico_funcionario cascade
Hibernate: 
    drop table if exists tb_srv_viagem cascade
Hibernate: 
    drop table if exists tb_srv_viagem_parada cascade
Hibernate: 
    create table tb_cad_ativo (
        codigo integer generated by default as identity,
        codigo_catalogo_ativo integer not null,
        codigo_funcionario_responsavel integer,
        codigo_maquina_contrato integer,
        status varchar(100),
        descricao varchar(255),
        lote varchar(255),
        numero_serie varchar(255),
        primary key (codigo)
    )
Hibernate: 
    create table tb_cad_catalogo_ativo (
        codigo integer generated by default as identity,
        tipo varchar(100) not null,
        descricao varchar(255),
        descricao_produto varchar(255) not null,
        especificacao varchar(255),
        marca varchar(255),
        modelo varchar(255),
        primary key (codigo)
    )
Hibernate: 
    create table tb_cad_catalogo_maquina (
        codigo integer generated by default as identity,
        descricao varchar(255) not null,
        especificacao TEXT,
        limite_manutencao varchar(255),
        primary key (codigo)
    )
Hibernate: 
    create table tb_cad_catalogo_maquina_checklist_padrao (
        codigo_catalogo_maquina integer not null,
        codigo_tarefa integer not null,
        primary key (codigo_catalogo_maquina, codigo_tarefa)
    )
Hibernate: 
    create table tb_cad_catalogo_software (
        ativo boolean not null,
        codigo integer generated by default as identity,
        data_cadastro timestamp(6) not null,
        tipo varchar(100) not null,
        versao varchar(100) not null,
        url_documentacao varchar(500),
        descricao varchar(255) not null,
        descricao_tecnica varchar(255),
        desenvolvedor_fornecedor varchar(255),
        primary key (codigo),
        constraint uq_cad_catalogo_software_descricao_versao unique (descricao, versao)
    )
Hibernate: 
    create table tb_cad_catalogo_software_checklist_padrao (
        codigo_catalogo_software integer not null,
        codigo_catalogo_tarefa integer not null,
        obrigatorio boolean not null,
        primary key (codigo_catalogo_software, codigo_catalogo_tarefa)
    )
Hibernate: 
    create table tb_cad_catalogo_tarefa (
        codigo integer generated by default as identity,
        categoria varchar(100),
        descricao varchar(255) not null,
        primary key (codigo)
    )
Hibernate: 
    create table tb_cad_cliente (
        ativo boolean not null,
        codigo integer generated by default as identity,
        internacional boolean,
        data_cadastro timestamp(6) not null,
        documento varchar(30),
        telefone_contato varchar(30),
        numero varchar(50),
        cidade varchar(100),
        classificacao_distancia varchar(100),
        estado_regiao varchar(100),
        fuso_horario varchar(100),
        pais varchar(100),
        descricao_empresa varchar(255) not null,
        descricao_responsavel varchar(255),
        email_contato varchar(255),
        observacao varchar(255),
        rua varchar(255),
        primary key (codigo)
    )
Hibernate: 
    create table tb_cad_contrato (
        codigo integer generated by default as identity,
        codigo_cliente integer,
        conexao_internet boolean,
        data_fim date,
        data_inicio date not null,
        periodo_manutencao_preventiva integer,
        vencimento_manutencao_preventiva date,
        descricao varchar(255),
        status varchar(255) not null,
        primary key (codigo)
    )
Hibernate: 
    create table tb_cad_funcionario (
        codigo integer generated by default as identity,
        codigo_usuario integer unique,
        latitude numeric(10,6),
        longitude numeric(10,6),
        ultima_atualizacao_localizacao timestamp(6),
        cpf varchar(20),
        telefone varchar(30),
        cargo varchar(100),
        disponibilidade varchar(100),
        estado varchar(100),
        certificacao varchar(255),
        nome varchar(255) not null,
        primary key (codigo)
    )
Hibernate: 
    create table tb_cad_funcionario_habilidade (
        codigo_funcionario integer not null,
        codigo_habilidade integer not null,
        data_validade date,
        nivel integer,
        primary key (codigo_funcionario, codigo_habilidade)
    )
Hibernate: 
    create table tb_cad_habilidade (
        codigo integer generated by default as identity,
        descricao varchar(100) not null unique,
        observacao varchar(255),
        primary key (codigo)
    )
Hibernate: 
    create table tb_cad_perfil (
        codigo integer generated by default as identity,
        descricao varchar(255) not null,
        primary key (codigo)
    )
Hibernate: 
    create table tb_cad_perfil_permissao (
        codigo_perfil integer not null,
        codigo_permissao integer not null,
        primary key (codigo_perfil, codigo_permissao)
    )
Hibernate: 
    create table tb_cad_permissao (
        codigo integer generated by default as identity,
        descricao varchar(255) not null,
        primary key (codigo)
    )
Hibernate: 
    create table tb_cad_tipo_manutencao (
        codigo integer generated by default as identity,
        descricao varchar(100) not null,
        observacao varchar(255),
        primary key (codigo)
    )
Hibernate: 
    create table tb_cad_tipo_viagem (
        ativo boolean not null,
        codigo integer generated by default as identity,
        data_cadastro timestamp(6) not null,
        descricao varchar(100) not null,
        observacao varchar(255),
        primary key (codigo)
    )
Hibernate: 
    create table tb_cad_usuario (
        ativo boolean not null,
        codigo integer generated by default as identity,
        data_criacao timestamp(6),
        email varchar(255) not null unique,
        senha varchar(255) not null,
        primary key (codigo)
    )
Hibernate: 
    create table tb_cad_usuario_perfil (
        codigo_perfil integer not null,
        codigo_usuario integer not null,
        primary key (codigo_perfil, codigo_usuario)
    )
Hibernate: 
    create table tb_srv_ciclo_embarcacao (
        codigo integer generated by default as identity,
        data_chegada timestamp(6) not null,
        data_saida timestamp(6),
        embarcacao varchar(255) not null,
        local varchar(255) not null,
        primary key (codigo)
    )
Hibernate: 
    create table tb_srv_maquina_checklist_manutencao (
        codigo integer generated by default as identity,
        codigo_historico_manutencao integer not null,
        codigo_tarefa integer not null,
        realizado boolean,
        observacao_tarefa varchar(255),
        primary key (codigo)
    )
Hibernate: 
    create table tb_srv_maquina_contrato (
        codigo integer generated by default as identity,
        codigo_catalogo_maquina integer not null,
        codigo_contrato integer not null,
        data_instalacao date,
        latitude numeric(10,6),
        longitude numeric(10,6),
        trabalho_em_altura boolean not null,
        manutencao_feita varchar(255),
        numero_serie varchar(255),
        primary key (codigo)
    )
Hibernate: 
    create table tb_srv_maquina_historico_manutencao (
        codigo integer generated by default as identity,
        codigo_maquina_contrato integer not null,
        codigo_ordem_servico integer,
        codigo_software_instalado integer,
        codigo_tipo_manutencao integer,
        data_agendamento timestamp(6),
        data_fim_execucao timestamp(6),
        data_inicio_execucao timestamp(6),
        vencimento timestamp(6),
        criticidade varchar(50),
        status varchar(100),
        observacao_geral varchar(255),
        primary key (codigo)
    )
Hibernate: 
    create table tb_srv_maquina_software_instalado (
        codigo integer generated by default as identity,
        codigo_maquina_contrato integer not null,
        codigo_software integer not null,
        versao_instalada varchar(100),
        chave_licenca varchar(255),
        primary key (codigo)
    )
Hibernate: 
    create table tb_srv_ordem_servico (
        codigo integer generated by default as identity,
        codigo_cliente integer not null,
        codigo_contrato integer not null,
        codigo_funcionario integer,
        codigo_maquina_contrato integer not null,
        codigo_software_instalado integer,
        data_abertura timestamp(6) not null,
        data_agendamento timestamp(6),
        data_fim_execucao timestamp(6),
        data_inicio_execucao timestamp(6),
        criticidade varchar(50),
        tipo_ordem varchar(50),
        status varchar(100),
        observacao_geral varchar(255),
        primary key (codigo)
    )
Hibernate: 
    create table tb_srv_ordem_servico_checklist_ativo (
        codigo integer generated by default as identity,
        codigo_ativo integer not null,
        codigo_funcionario integer,
        codigo_ordem_servico integer not null,
        devolvido boolean not null,
        levado boolean not null,
        data_intervencao timestamp(6),
        status_intervencao varchar(50),
        descricao_ativo varchar(255),
        observacao varchar(255),
        observacao_intervencao varchar(255),
        primary key (codigo),
        constraint uk_ordem_servico_checklist_ativo unique (codigo_ordem_servico, codigo_ativo)
    )
Hibernate: 
    create table tb_srv_ordem_servico_funcionario (
        codigo_funcionario integer not null,
        codigo_ordem_servico integer not null,
        primary key (codigo_funcionario, codigo_ordem_servico)
    )
Hibernate: 
    create table tb_srv_viagem (
        codigo integer generated by default as identity,
        codigo_cliente integer not null,
        codigo_funcionario_responsavel integer,
        codigo_ordem_servico integer,
        codigo_tipo_viagem integer not null,
        km_previsto numeric(10,2),
        km_real numeric(10,2),
        data_cadastro timestamp(6) not null,
        data_retorno_previsto timestamp(6),
        data_retorno_real timestamp(6),
        data_saida_prevista timestamp(6),
        data_saida_real timestamp(6),
        status varchar(50) not null,
        destino varchar(255),
        observacao varchar(255),
        origem varchar(255),
        primary key (codigo)
    )
Hibernate: 
    create table tb_srv_viagem_parada (
        codigo integer generated by default as identity,
        codigo_viagem integer not null,
        latitude numeric(10,6),
        longitude numeric(10,6),
        ordem integer not null,
        data_chegada_prevista timestamp(6),
        data_chegada_real timestamp(6),
        data_saida_prevista timestamp(6),
        data_saida_real timestamp(6),
        cidade varchar(100),
        estado_regiao varchar(100),
        descricao_local varchar(255) not null,
        endereco varchar(255),
        observacao varchar(255),
        primary key (codigo)
    )
Hibernate: 
    alter table if exists tb_cad_ativo 
       add constraint FKlhrvuga1lnmhwdshe83njcn6e 
       foreign key (codigo_catalogo_ativo) 
       references tb_cad_catalogo_ativo
Hibernate: 
    alter table if exists tb_cad_ativo 
       add constraint FKa5rn50tvw64iloxw2r2x626ur 
       foreign key (codigo_funcionario_responsavel) 
       references tb_cad_funcionario
Hibernate: 
    alter table if exists tb_cad_ativo 
       add constraint FK1tscofginjh3hwy5n4t8089i0 
       foreign key (codigo_maquina_contrato) 
       references tb_srv_maquina_contrato
Hibernate: 
    alter table if exists tb_cad_catalogo_maquina_checklist_padrao 
       add constraint FKlm4iqlsw94g91x7j97kdwyt7o 
       foreign key (codigo_catalogo_maquina) 
       references tb_cad_catalogo_maquina
Hibernate: 
    alter table if exists tb_cad_catalogo_maquina_checklist_padrao 
       add constraint FKhmff68pna8dla8gfphku1ucue 
       foreign key (codigo_tarefa) 
       references tb_cad_catalogo_tarefa
Hibernate: 
    alter table if exists tb_cad_catalogo_software_checklist_padrao 
       add constraint FKbw8wrisihpds5tx9c5mojpwq2 
       foreign key (codigo_catalogo_software) 
       references tb_cad_catalogo_software
Hibernate: 
    alter table if exists tb_cad_catalogo_software_checklist_padrao 
       add constraint FKqklm9d23s3pjnme998f6vstqk 
       foreign key (codigo_catalogo_tarefa) 
       references tb_cad_catalogo_tarefa
Hibernate: 
    alter table if exists tb_cad_contrato 
       add constraint FKae5owbt5pwenehmcaguk82sm0 
       foreign key (codigo_cliente) 
       references tb_cad_cliente
Hibernate: 
    alter table if exists tb_cad_funcionario 
       add constraint FK3xqdxufe7mdblx7tw0gytulci 
       foreign key (codigo_usuario) 
       references tb_cad_usuario
Hibernate: 
    alter table if exists tb_cad_funcionario_habilidade 
       add constraint FKh2an4b5in8dquympw4u0twbe2 
       foreign key (codigo_habilidade) 
       references tb_cad_habilidade
Hibernate: 
    alter table if exists tb_cad_funcionario_habilidade 
       add constraint FKr56ac0b5l17bkk2gat9cy5ic1 
       foreign key (codigo_funcionario) 
       references tb_cad_funcionario
Hibernate: 
    alter table if exists tb_cad_perfil_permissao 
       add constraint FK2v3va8jvvug1ecnnbmevunhfb 
       foreign key (codigo_permissao) 
       references tb_cad_permissao
Hibernate: 
    alter table if exists tb_cad_perfil_permissao 
       add constraint FK59atfnnpr50ni8hkxf7f3yehb 
       foreign key (codigo_perfil) 
       references tb_cad_perfil
Hibernate: 
    alter table if exists tb_cad_usuario_perfil 
       add constraint FKo09abi9k0timaqbhji39qgvk3 
       foreign key (codigo_perfil) 
       references tb_cad_perfil
Hibernate: 
    alter table if exists tb_cad_usuario_perfil 
       add constraint FKm29995w4higl4ykcuwwpatum9 
       foreign key (codigo_usuario) 
       references tb_cad_usuario
Hibernate: 
    alter table if exists tb_srv_maquina_checklist_manutencao 
       add constraint FKhxu6yem4coa5hu4wyrj7wbj43 
       foreign key (codigo_historico_manutencao) 
       references tb_srv_maquina_historico_manutencao
Hibernate: 
    alter table if exists tb_srv_maquina_checklist_manutencao 
       add constraint FK76nw7d03hcbwu6mqmt3p3vhnp 
       foreign key (codigo_tarefa) 
       references tb_cad_catalogo_tarefa
Hibernate: 
    alter table if exists tb_srv_maquina_contrato 
       add constraint FKrc5s2vskrd4vu8pmo6b673llo 
       foreign key (codigo_catalogo_maquina) 
       references tb_cad_catalogo_maquina
Hibernate: 
    alter table if exists tb_srv_maquina_contrato 
       add constraint FKao6kla6nrr89hyoh6h9142a6o 
       foreign key (codigo_contrato) 
       references tb_cad_contrato
Hibernate: 
    alter table if exists tb_srv_maquina_historico_manutencao 
       add constraint FKp2mpnh060b57hl6tdg21qnnml 
       foreign key (codigo_maquina_contrato) 
       references tb_srv_maquina_contrato
Hibernate: 
    alter table if exists tb_srv_maquina_historico_manutencao 
       add constraint FKsx4uidjge7am38skmqlva2ahr 
       foreign key (codigo_ordem_servico) 
       references tb_srv_ordem_servico
Hibernate: 
    alter table if exists tb_srv_maquina_historico_manutencao 
       add constraint FKq9najgsyvyvpyyav4tuohihsw 
       foreign key (codigo_software_instalado) 
       references tb_srv_maquina_software_instalado
Hibernate: 
    alter table if exists tb_srv_maquina_historico_manutencao 
       add constraint FKo8yu2x75a0370lbxliyboaeul 
       foreign key (codigo_tipo_manutencao) 
       references tb_cad_tipo_manutencao
Hibernate: 
    alter table if exists tb_srv_maquina_software_instalado 
       add constraint FKbqbqmjqmetce4cf679osronqd 
       foreign key (codigo_maquina_contrato) 
       references tb_srv_maquina_contrato
Hibernate: 
    alter table if exists tb_srv_maquina_software_instalado 
       add constraint FKnoabyee58fbiv2253he7jj9wy 
       foreign key (codigo_software) 
       references tb_cad_catalogo_software
Hibernate: 
    alter table if exists tb_srv_ordem_servico 
       add constraint FKlh65c24hb51otxx2alvl7dagi 
       foreign key (codigo_cliente) 
       references tb_cad_cliente
Hibernate: 
    alter table if exists tb_srv_ordem_servico 
       add constraint FKsls6aqs0bc7un9yr64rydgqab 
       foreign key (codigo_contrato) 
       references tb_cad_contrato
Hibernate: 
    alter table if exists tb_srv_ordem_servico 
       add constraint FK9i7u9g6p6r4d0vla81xy4y1xr 
       foreign key (codigo_funcionario) 
       references tb_cad_funcionario
Hibernate: 
    alter table if exists tb_srv_ordem_servico 
       add constraint FKgdy0uw0r7xujf8tn4nbyl64k1 
       foreign key (codigo_maquina_contrato) 
       references tb_srv_maquina_contrato
Hibernate: 
    alter table if exists tb_srv_ordem_servico 
       add constraint FKtlc6t9n0iyida5lg4q3fw2e5j 
       foreign key (codigo_software_instalado) 
       references tb_srv_maquina_software_instalado
Hibernate: 
    alter table if exists tb_srv_ordem_servico_checklist_ativo 
       add constraint FKj5v7o7wtjlw3f7y9tqbwi71yl 
       foreign key (codigo_ativo) 
       references tb_cad_ativo
Hibernate: 
    alter table if exists tb_srv_ordem_servico_checklist_ativo 
       add constraint FKpayqg9b8i40ngoojdaaks35f9 
       foreign key (codigo_funcionario) 
       references tb_cad_funcionario
Hibernate: 
    alter table if exists tb_srv_ordem_servico_checklist_ativo 
       add constraint FK8x5h1yu7j8u3gydjunt4jqug2 
       foreign key (codigo_ordem_servico) 
       references tb_srv_ordem_servico
Hibernate: 
    alter table if exists tb_srv_ordem_servico_funcionario 
       add constraint FKacqqbi4h2hr6hm1xmrwx09knf 
       foreign key (codigo_ordem_servico) 
       references tb_srv_ordem_servico
Hibernate: 
    alter table if exists tb_srv_ordem_servico_funcionario 
       add constraint FK6ou6sdfgbhf6l15cfw9t19k3h 
       foreign key (codigo_funcionario) 
       references tb_cad_funcionario
Hibernate: 
    alter table if exists tb_srv_viagem 
       add constraint FKao8i5pmxtbwk7cbomk2icif3i 
       foreign key (codigo_cliente) 
       references tb_cad_cliente
Hibernate: 
    alter table if exists tb_srv_viagem 
       add constraint FKah6an9iabph617f4sqwuq40yh 
       foreign key (codigo_funcionario_responsavel) 
       references tb_cad_funcionario
Hibernate: 
    alter table if exists tb_srv_viagem 
       add constraint FKc5vq3743s5ljw518t5kkwfx4c 
       foreign key (codigo_ordem_servico) 
       references tb_srv_ordem_servico
Hibernate: 
    alter table if exists tb_srv_viagem 
       add constraint FKb0eotvumgockhr9w1nu1hjmij 
       foreign key (codigo_tipo_viagem) 
       references tb_cad_tipo_viagem
Hibernate: 
    alter table if exists tb_srv_viagem_parada 
       add constraint FK6tjueaps3igqflu34ab9vv8v4 
       foreign key (codigo_viagem) 
       references tb_srv_viagem
2026-05-30T14:52:27.435-03:00  INFO 24548 --- [tracker] [           main] j.LocalContainerEntityManagerFactoryBean : Initialized JPA EntityManagerFactory for persistence unit 'default'
2026-05-30T14:52:28.320-03:00  INFO 24548 --- [tracker] [           main] o.s.d.j.r.query.QueryEnhancerFactory     : Hibernate is in classpath; If applicable, HQL parser will be used.
2026-05-30T14:52:30.861-03:00  WARN 24548 --- [tracker] [           main] JpaBaseConfiguration$JpaWebConfiguration : spring.jpa.open-in-view is enabled by default. Therefore, database queries may be performed during view rendering. Explicitly configure spring.jpa.open-in-view to disable this warning
2026-05-30T14:52:30.913-03:00  INFO 24548 --- [tracker] [           main] eAuthenticationProviderManagerConfigurer : Global AuthenticationManager configured with AuthenticationProvider bean with name authenticationProvider
2026-05-30T14:52:30.915-03:00  WARN 24548 --- [tracker] [           main] r$InitializeUserDetailsManagerConfigurer : Global AuthenticationManager configured with an AuthenticationProvider bean. UserDetailsService beans will not be used for username/password login. Consider removing the AuthenticationProvider bean. Alternatively, consider using the UserDetailsService in a manually instantiated DaoAuthenticationProvider.
2026-05-30T14:52:33.757-03:00  INFO 24548 --- [tracker] [           main] o.s.b.t.m.w.SpringBootMockServletContext : Initializing Spring TestDispatcherServlet ''
2026-05-30T14:52:33.757-03:00  INFO 24548 --- [tracker] [           main] o.s.t.web.servlet.TestDispatcherServlet  : Initializing Servlet ''
2026-05-30T14:52:33.762-03:00  INFO 24548 --- [tracker] [           main] o.s.t.web.servlet.TestDispatcherServlet  : Completed initialization in 5 ms
2026-05-30T14:52:33.808-03:00  INFO 24548 --- [tracker] [           main] c.e.t.controller.ContratoControllerTest  : Started ContratoControllerTest in 18.93 seconds (process running for 22.256)
